// Jest Snapshot v1, https://goo.gl/fbAQLP

exports[`can analyze schema for ./people.json: peopleResult 1`] = `
Object {
  "fields": Object {
    "birth_year": Object {
      "Null": Object {
        "count": 10,
        "rank": 10,
      },
      "String": Object {
        "count": 30,
        "length": Object {
          "max": 7,
          "mean": 5.3,
          "min": 4,
          "percentiles": Array [
            5,
            5,
            7,
          ],
        },
        "rank": 12,
      },
    },
    "created": Object {
      "Date": Object {
        "count": 40,
        "rank": 4,
      },
    },
    "edited": Object {
      "Date": Object {
        "count": 40,
        "rank": 4,
      },
    },
    "eye_color": Object {
      "String": Object {
        "count": 40,
        "length": Object {
          "max": 9,
          "mean": 4.8,
          "min": 3,
          "percentiles": Array [
            4,
            5,
            6,
          ],
        },
        "rank": 12,
      },
    },
    "films": Object {
      "Array": Object {
        "count": 40,
        "length": Object {
          "max": 7,
          "mean": 2.525,
          "min": 1,
          "percentiles": Array [
            1,
            3,
            5,
          ],
        },
        "rank": 13,
      },
    },
    "gender": Object {
      "String": Object {
        "count": 40,
        "length": Object {
          "max": 13,
          "mean": 4.3,
          "min": 3,
          "percentiles": Array [
            4,
            4,
            6,
          ],
        },
        "rank": 12,
      },
    },
    "hair_color": Object {
      "String": Object {
        "count": 40,
        "length": Object {
          "max": 13,
          "mean": 5,
          "min": 3,
          "percentiles": Array [
            4,
            5,
            6,
          ],
        },
        "rank": 12,
      },
    },
    "height": Object {
      "Null": Object {
        "count": 1,
        "rank": 10,
      },
      "Number": Object {
        "count": 39,
        "rank": 8,
        "value": Object {
          "max": 228,
          "mean": 169.23076923076923,
          "min": 66,
          "percentiles": Array [
            170,
            180,
            202,
          ],
        },
      },
      "String": Object {
        "count": 39,
        "length": Object {
          "max": 3,
          "mean": 2.8974358974358974,
          "min": 2,
          "percentiles": Array [
            3,
            3,
            3,
          ],
        },
        "rank": 12,
      },
    },
    "homeworld": Object {
      "String": Object {
        "count": 40,
        "length": Object {
          "max": 32,
          "mean": 31.525,
          "min": 31,
          "percentiles": Array [
            31,
            32,
            32,
          ],
        },
        "rank": 12,
      },
    },
    "id": Object {
      "Number": Object {
        "count": 40,
        "rank": 8,
        "value": Object {
          "max": 42,
          "mean": 21.275,
          "min": 1,
          "percentiles": Array [
            13,
            26,
            39,
          ],
        },
      },
    },
    "mass": Object {
      "Float": Object {
        "count": 1,
        "precision": Object {
          "max": 3,
          "mean": 3,
          "min": 3,
          "percentiles": Array [
            3,
            3,
            3,
          ],
        },
        "rank": 7,
        "scale": Object {
          "max": 1,
          "mean": 1,
          "min": 1,
          "percentiles": Array [
            1,
            1,
            1,
          ],
        },
        "value": Object {
          "max": 78.2,
          "mean": 78.2,
          "min": 78.2,
          "percentiles": Array [
            78.2,
            78.2,
            78.2,
          ],
        },
      },
      "Null": Object {
        "count": 8,
        "rank": 10,
      },
      "Number": Object {
        "count": 31,
        "rank": 8,
        "value": Object {
          "max": 140,
          "mean": 77.83333333333333,
          "min": 17,
          "percentiles": Array [
            75,
            82,
            120,
          ],
        },
      },
      "String": Object {
        "count": 31,
        "length": Object {
          "max": 3,
          "mean": 2.225806451612903,
          "min": 2,
          "percentiles": Array [
            2,
            2,
            3,
          ],
        },
        "rank": 12,
      },
    },
    "name": Object {
      "String": Object {
        "count": 40,
        "length": Object {
          "max": 21,
          "mean": 10.7,
          "min": 4,
          "percentiles": Array [
            8,
            12,
            17,
          ],
        },
        "rank": 12,
      },
    },
    "skin_color": Object {
      "Null": Object {
        "count": 1,
        "rank": 10,
      },
      "String": Object {
        "count": 39,
        "length": Object {
          "max": 16,
          "mean": 5.717948717948718,
          "min": 4,
          "percentiles": Array [
            4,
            5,
            11,
          ],
        },
        "rank": 12,
      },
    },
    "species": Object {
      "Array": Object {
        "count": 40,
        "length": Object {
          "max": 1,
          "mean": 1,
          "min": 1,
          "percentiles": Array [
            1,
            1,
            1,
          ],
        },
        "rank": 13,
      },
    },
    "starships": Object {
      "Array": Object {
        "count": 40,
        "length": Object {
          "max": 5,
          "mean": 1.6428571428571428,
          "min": 1,
          "percentiles": Array [
            1,
            1,
            3,
          ],
        },
        "rank": 13,
      },
    },
    "url": Object {
      "String": Object {
        "count": 40,
        "length": Object {
          "max": 31,
          "mean": 30.775,
          "min": 30,
          "percentiles": Array [
            31,
            31,
            31,
          ],
        },
        "rank": 12,
      },
    },
    "vehicles": Object {
      "Array": Object {
        "count": 40,
        "length": Object {
          "max": 2,
          "mean": 1.2857142857142858,
          "min": 1,
          "percentiles": Array [
            1,
            1,
            2,
          ],
        },
        "rank": 13,
      },
    },
  },
  "totalRows": 40,
}
`;

exports[`can analyze schema for ./products.csv: accountsCsvResult 1`] = `
Object {
  "fields": Object {
    "accountConfirmed": Object {
      "Boolean": Object {
        "count": 5,
        "rank": 3,
      },
    },
    "createdAt": Object {
      "String": Object {
        "count": 5,
        "length": Object {
          "max": 10,
          "mean": 9.2,
          "min": 6,
          "percentiles": Array [
            10,
            10,
            10,
          ],
        },
        "rank": 12,
      },
    },
    "email": Object {
      "Email": Object {
        "count": 5,
        "length": Object {
          "max": 26,
          "mean": 19.4,
          "min": 15,
          "percentiles": Array [
            15,
            23,
            26,
          ],
        },
        "rank": 11,
      },
    },
    "id": Object {
      "Number": Object {
        "count": 5,
        "rank": 8,
        "value": Object {
          "max": 5,
          "mean": 3,
          "min": 1,
          "percentiles": Array [
            2,
            4,
            5,
          ],
        },
      },
      "String": Object {
        "count": 5,
        "length": Object {
          "max": 1,
          "mean": 1,
          "min": 1,
          "percentiles": Array [
            1,
            1,
            1,
          ],
        },
        "rank": 12,
      },
    },
    "name": Object {
      "String": Object {
        "count": 5,
        "length": Object {
          "max": 15,
          "mean": 7.2,
          "min": 3,
          "percentiles": Array [
            3,
            10,
            15,
          ],
        },
        "rank": 12,
      },
    },
    "role": Object {
      "String": Object {
        "count": 5,
        "length": Object {
          "max": 9,
          "mean": 5.4,
          "min": 4,
          "percentiles": Array [
            4,
            5,
            9,
          ],
        },
        "rank": 12,
      },
    },
  },
  "totalRows": 5,
}
`;

exports[`can analyze schema for ./products.csv: productsResult 1`] = `
Object {
  "fields": Object {
    "Alcohol By Volume": Object {
      "Float": Object {
        "count": 1,
        "rank": 7,
        "value": Object {
          "max": 40,
          "mean": 40,
          "min": 40,
          "percentiles": Array [
            40,
            40,
            40,
          ],
        },
      },
      "Unknown": Object {
        "count": 3134,
        "rank": -1,
      },
    },
    "Author": Object {
      "String": Object {
        "count": 48,
        "length": Object {
          "max": 56,
          "mean": 17.416666666666668,
          "min": 6,
          "percentiles": Array [
            12,
            15,
            31,
          ],
        },
        "rank": 12,
      },
      "Unknown": Object {
        "count": 3087,
        "rank": -1,
      },
    },
    "Brand Name": Object {
      "Number": Object {
        "count": 3,
        "rank": 8,
        "value": Object {
          "max": 7429111285404,
          "mean": 6028831501996.667,
          "min": 5056071167017,
          "percentiles": Array [
            5056071167017,
            5601312053569,
            7429111285404,
          ],
        },
      },
      "String": Object {
        "count": 2982,
        "length": Object {
          "max": 199,
          "mean": 19.317236753856474,
          "min": 1,
          "percentiles": Array [
            7,
            11,
            47,
          ],
        },
        "rank": 12,
      },
      "Unknown": Object {
        "count": 153,
        "rank": -1,
      },
    },
    "Calories": Object {
      "Date": Object {
        "count": 4,
        "rank": 4,
      },
      "Number": Object {
        "count": 134,
        "rank": 8,
        "value": Object {
          "max": 372000,
          "mean": 3588.7413793103447,
          "min": 1,
          "percentiles": Array [
            114,
            210,
            513,
          ],
        },
      },
      "String": Object {
        "count": 130,
        "length": Object {
          "max": 6,
          "mean": 2.5153846153846153,
          "min": 1,
          "percentiles": Array [
            2,
            3,
            3,
          ],
        },
        "rank": 12,
      },
      "Unknown": Object {
        "count": 3001,
        "rank": -1,
      },
    },
    "Carbohydrate (g)": Object {
      "Number": Object {
        "count": 121,
        "rank": 8,
        "value": Object {
          "max": 100,
          "mean": 34.37623762376238,
          "min": 1,
          "percentiles": Array [
            15,
            36,
            70,
          ],
        },
      },
      "String": Object {
        "count": 121,
        "length": Object {
          "max": 3,
          "mean": 1.7024793388429753,
          "min": 1,
          "percentiles": Array [
            1,
            2,
            2,
          ],
        },
        "rank": 12,
      },
      "Unknown": Object {
        "count": 3014,
        "rank": -1,
      },
    },
    "Cholesterol (mg)": Object {
      "Number": Object {
        "count": 56,
        "rank": 8,
        "value": Object {
          "max": 75,
          "mean": 26.25,
          "min": 1,
          "percentiles": Array [
            10,
            30,
            75,
          ],
        },
      },
      "String": Object {
        "count": 56,
        "length": Object {
          "max": 2,
          "mean": 1.1071428571428572,
          "min": 1,
          "percentiles": Array [
            1,
            1,
            2,
          ],
        },
        "rank": 12,
      },
      "Unknown": Object {
        "count": 3079,
        "rank": -1,
      },
      "enum": Array [
        "0",
        "30",
        "10",
        "25",
        "75",
        "4",
        "1",
        "35",
      ],
    },
    "Fat (g)": Object {
      "Float": Object {
        "count": 129,
        "precision": Object {
          "max": 3,
          "mean": 2.3157894736842106,
          "min": 2,
          "percentiles": Array [
            2,
            2,
            3,
          ],
        },
        "rank": 7,
        "scale": Object {
          "max": 1,
          "mean": 1,
          "min": 1,
          "percentiles": Array [
            1,
            1,
            1,
          ],
        },
        "value": Object {
          "max": 100,
          "mean": 11.25125,
          "min": 0.5,
          "percentiles": Array [
            3.5,
            10,
            26,
          ],
        },
      },
      "Unknown": Object {
        "count": 3006,
        "rank": -1,
      },
    },
    "Fat Calories": Object {
      "Number": Object {
        "count": 63,
        "rank": 8,
        "value": Object {
          "max": 824,
          "mean": 87.89473684210526,
          "min": 1,
          "percentiles": Array [
            33,
            70,
            120,
          ],
        },
      },
      "String": Object {
        "count": 63,
        "length": Object {
          "max": 3,
          "mean": 1.6349206349206349,
          "min": 1,
          "percentiles": Array [
            1,
            2,
            3,
          ],
        },
        "rank": 12,
      },
      "Unknown": Object {
        "count": 3072,
        "rank": -1,
      },
    },
    "Fiber (g)": Object {
      "Number": Object {
        "count": 82,
        "rank": 8,
        "value": Object {
          "max": 19,
          "mean": 3.441860465116279,
          "min": 1,
          "percentiles": Array [
            1,
            2,
            7,
          ],
        },
      },
      "String": Object {
        "count": 82,
        "length": Object {
          "max": 2,
          "mean": 1.0365853658536586,
          "min": 1,
          "percentiles": Array [
            1,
            1,
            1,
          ],
        },
        "rank": 12,
      },
      "Unknown": Object {
        "count": 3053,
        "rank": -1,
      },
    },
    "Format": Object {
      "String": Object {
        "count": 50,
        "length": Object {
          "max": 9,
          "mean": 9,
          "min": 9,
          "percentiles": Array [
            9,
            9,
            9,
          ],
        },
        "rank": 12,
      },
      "Unknown": Object {
        "count": 3085,
        "rank": -1,
      },
      "enum": Array [
        "Hardcover",
        "Paperback",
      ],
    },
    "GTIN-14": Object {
      "Number": Object {
        "count": 3135,
        "rank": 8,
        "value": Object {
          "max": 88089922063858,
          "mean": 4721649545280.991,
          "min": 75244,
          "percentiles": Array [
            4005808235353,
            5296849397325,
            8103115681064,
          ],
        },
      },
      "String": Object {
        "count": 3135,
        "length": Object {
          "max": 14,
          "mean": 12.4688995215311,
          "min": 5,
          "percentiles": Array [
            13,
            13,
            13,
          ],
        },
        "rank": 12,
      },
    },
    "Images": Object {
      "String": Object {
        "count": 19,
        "length": Object {
          "max": 398,
          "mean": 136.94736842105263,
          "min": 78,
          "percentiles": Array [
            78,
            78,
            318,
          ],
        },
        "rank": 12,
      },
      "Unknown": Object {
        "count": 3116,
        "rank": -1,
      },
    },
    "Ingredients": Object {
      "Number": Object {
        "count": 1,
        "rank": 8,
        "value": Object {
          "max": 665274,
          "mean": 665274,
          "min": 665274,
          "percentiles": Array [
            665274,
            665274,
            665274,
          ],
        },
      },
      "String": Object {
        "count": 188,
        "length": Object {
          "max": 899,
          "mean": 119.43085106382979,
          "min": 4,
          "percentiles": Array [
            31,
            77,
            312,
          ],
        },
        "rank": 12,
      },
      "Unknown": Object {
        "count": 2947,
        "rank": -1,
      },
    },
    "Monounsaturated Fat (g)": Object {
      "Float": Object {
        "count": 31,
        "precision": Object {
          "max": 3,
          "mean": 2.25,
          "min": 2,
          "percentiles": Array [
            2,
            2,
            3,
          ],
        },
        "rank": 7,
        "scale": Object {
          "max": 1,
          "mean": 1,
          "min": 1,
          "percentiles": Array [
            1,
            1,
            1,
          ],
        },
        "value": Object {
          "max": 42,
          "mean": 8.733333333333333,
          "min": 0.5,
          "percentiles": Array [
            3,
            9.5,
            11.5,
          ],
        },
      },
      "Unknown": Object {
        "count": 3104,
        "rank": -1,
      },
    },
    "Name": Object {
      "Boolean": Object {
        "count": 1,
        "rank": 3,
      },
      "Number": Object {
        "count": 2,
        "rank": 8,
        "value": Object {
          "max": 5056071167017,
          "mean": 2528035583513.5,
          "min": 10,
          "percentiles": Array [
            10,
            5056071167017,
            5056071167017,
          ],
        },
      },
      "String": Object {
        "count": 3134,
        "length": Object {
          "max": 227,
          "mean": 22.569878749202296,
          "min": 1,
          "percentiles": Array [
            14,
            23,
            36,
          ],
        },
        "rank": 12,
      },
    },
    "Pages": Object {
      "Date": Object {
        "count": 3,
        "rank": 4,
      },
      "Number": Object {
        "count": 50,
        "rank": 8,
        "value": Object {
          "max": 1943,
          "mean": 364.36,
          "min": 20,
          "percentiles": Array [
            208,
            351,
            704,
          ],
        },
      },
      "String": Object {
        "count": 47,
        "length": Object {
          "max": 3,
          "mean": 2.9148936170212765,
          "min": 2,
          "percentiles": Array [
            3,
            3,
            3,
          ],
        },
        "rank": 12,
      },
      "Unknown": Object {
        "count": 3085,
        "rank": -1,
      },
    },
    "Polyunsaturated Fat (g)": Object {
      "Float": Object {
        "count": 31,
        "precision": Object {
          "max": 2,
          "mean": 2,
          "min": 2,
          "percentiles": Array [
            2,
            2,
            2,
          ],
        },
        "rank": 7,
        "scale": Object {
          "max": 1,
          "mean": 1,
          "min": 1,
          "percentiles": Array [
            1,
            1,
            1,
          ],
        },
        "value": Object {
          "max": 39,
          "mean": 5.066666666666666,
          "min": 0.5,
          "percentiles": Array [
            2,
            2.5,
            8,
          ],
        },
      },
      "Unknown": Object {
        "count": 3104,
        "rank": -1,
      },
    },
    "Potassium (mg)": Object {
      "Date": Object {
        "count": 1,
        "rank": 4,
      },
      "Number": Object {
        "count": 40,
        "rank": 8,
        "value": Object {
          "max": 8500,
          "mean": 691,
          "min": 3,
          "percentiles": Array [
            70,
            120,
            850,
          ],
        },
      },
      "String": Object {
        "count": 39,
        "length": Object {
          "max": 3,
          "mean": 1.5128205128205128,
          "min": 1,
          "percentiles": Array [
            1,
            1,
            3,
          ],
        },
        "rank": 12,
      },
      "Unknown": Object {
        "count": 3095,
        "rank": -1,
      },
    },
    "Protein (g)": Object {
      "Number": Object {
        "count": 118,
        "rank": 8,
        "value": Object {
          "max": 45,
          "mean": 6.220779220779221,
          "min": 1,
          "percentiles": Array [
            2,
            6,
            13,
          ],
        },
      },
      "String": Object {
        "count": 118,
        "length": Object {
          "max": 2,
          "mean": 1.0932203389830508,
          "min": 1,
          "percentiles": Array [
            1,
            1,
            1,
          ],
        },
        "rank": 12,
      },
      "Unknown": Object {
        "count": 3017,
        "rank": -1,
      },
    },
    "Publisher": Object {
      "String": Object {
        "count": 52,
        "length": Object {
          "max": 58,
          "mean": 16.192307692307693,
          "min": 3,
          "percentiles": Array [
            8,
            17,
            27,
          ],
        },
        "rank": 12,
      },
      "Unknown": Object {
        "count": 3083,
        "rank": -1,
      },
    },
    "Saturated Fat (g)": Object {
      "Float": Object {
        "count": 101,
        "precision": Object {
          "max": 3,
          "mean": 2.0384615384615383,
          "min": 2,
          "percentiles": Array [
            2,
            2,
            2,
          ],
        },
        "rank": 7,
        "scale": Object {
          "max": 1,
          "mean": 1,
          "min": 1,
          "percentiles": Array [
            1,
            1,
            1,
          ],
        },
        "value": Object {
          "max": 17,
          "mean": 4.3277777777777775,
          "min": 0.2,
          "percentiles": Array [
            1.5,
            3.5,
            10.5,
          ],
        },
      },
      "Unknown": Object {
        "count": 3034,
        "rank": -1,
      },
    },
    "Serving Size": Object {
      "Number": Object {
        "count": 13,
        "rank": 8,
        "value": Object {
          "max": 250,
          "mean": 53.61538461538461,
          "min": 1,
          "percentiles": Array [
            1,
            55,
            100,
          ],
        },
      },
      "String": Object {
        "count": 104,
        "length": Object {
          "max": 62,
          "mean": 8.413461538461538,
          "min": 1,
          "percentiles": Array [
            4,
            7,
            17,
          ],
        },
        "rank": 12,
      },
      "Unknown": Object {
        "count": 3031,
        "rank": -1,
      },
    },
    "Servings Per Container": Object {
      "Float": Object {
        "count": 5,
        "precision": Object {
          "max": 3,
          "mean": 2.2,
          "min": 2,
          "percentiles": Array [
            2,
            2,
            3,
          ],
        },
        "rank": 7,
        "scale": Object {
          "max": 2,
          "mean": 1.2,
          "min": 1,
          "percentiles": Array [
            1,
            1,
            2,
          ],
        },
        "value": Object {
          "max": 7.5,
          "mean": 3.504,
          "min": 0.5,
          "percentiles": Array [
            2.5,
            3.52,
            7.5,
          ],
        },
      },
      "Number": Object {
        "count": 66,
        "rank": 8,
        "value": Object {
          "max": 100,
          "mean": 13.151515151515152,
          "min": 1,
          "percentiles": Array [
            1,
            6,
            40,
          ],
        },
      },
      "String": Object {
        "count": 96,
        "length": Object {
          "max": 18,
          "mean": 3.2395833333333335,
          "min": 1,
          "percentiles": Array [
            1,
            2,
            8,
          ],
        },
        "rank": 12,
      },
      "Unknown": Object {
        "count": 3034,
        "rank": -1,
      },
    },
    "Size": Object {
      "Float": Object {
        "count": 10,
        "precision": Object {
          "max": 3,
          "mean": 2.7,
          "min": 2,
          "percentiles": Array [
            3,
            3,
            3,
          ],
        },
        "rank": 7,
        "scale": Object {
          "max": 2,
          "mean": 1.3,
          "min": 1,
          "percentiles": Array [
            1,
            1,
            2,
          ],
        },
        "value": Object {
          "max": 28.3,
          "mean": 9.326,
          "min": 0.12,
          "percentiles": Array [
            0.75,
            16.9,
            28.3,
          ],
        },
      },
      "Number": Object {
        "count": 80,
        "rank": 8,
        "value": Object {
          "max": 5056071167017,
          "mean": 74353991381.50294,
          "min": 0.2,
          "percentiles": Array [
            12,
            48,
            300,
          ],
        },
      },
      "String": Object {
        "count": 2274,
        "length": Object {
          "max": 92,
          "mean": 6.002638522427441,
          "min": 1,
          "percentiles": Array [
            4,
            5,
            10,
          ],
        },
        "rank": 12,
      },
      "Unknown": Object {
        "count": 851,
        "rank": -1,
      },
    },
    "Sodium (mg)": Object {
      "Number": Object {
        "count": 93,
        "rank": 8,
        "value": Object {
          "max": 660,
          "mean": 137.93846153846152,
          "min": 1,
          "percentiles": Array [
            23,
            135,
            390,
          ],
        },
      },
      "String": Object {
        "count": 93,
        "length": Object {
          "max": 3,
          "mean": 1.935483870967742,
          "min": 1,
          "percentiles": Array [
            1,
            2,
            3,
          ],
        },
        "rank": 12,
      },
      "Unknown": Object {
        "count": 3042,
        "rank": -1,
      },
    },
    "Sugars (g)": Object {
      "Number": Object {
        "count": 113,
        "rank": 8,
        "value": Object {
          "max": 100,
          "mean": 21.846153846153847,
          "min": 1,
          "percentiles": Array [
            4,
            16,
            58,
          ],
        },
      },
      "String": Object {
        "count": 113,
        "length": Object {
          "max": 3,
          "mean": 1.424778761061947,
          "min": 1,
          "percentiles": Array [
            1,
            2,
            2,
          ],
        },
        "rank": 12,
      },
      "Unknown": Object {
        "count": 3022,
        "rank": -1,
      },
    },
    "Trans Fat (g)": Object {
      "Float": Object {
        "count": 58,
        "rank": 7,
        "value": Object {
          "max": 7,
          "mean": 4,
          "min": 1,
          "percentiles": Array [
            1,
            7,
            7,
          ],
        },
      },
      "Unknown": Object {
        "count": 3077,
        "rank": -1,
      },
    },
  },
  "totalRows": 3135,
}
`;

exports[`can analyze schema for ./properties.json: propertiesResult 1`] = `
Object {
  "fields": Object {
    "address1": Object {
      "String": Object {
        "count": 100,
        "length": Object {
          "max": 33,
          "mean": 20.32,
          "min": 13,
          "percentiles": Array [
            17,
            20,
            28,
          ],
        },
        "rank": 12,
      },
    },
    "address2": Object {
      "String": Object {
        "count": 100,
        "length": Object {
          "max": 9,
          "mean": 8.56,
          "min": 8,
          "percentiles": Array [
            8,
            9,
            9,
          ],
        },
        "rank": 12,
      },
    },
    "city": Object {
      "String": Object {
        "count": 100,
        "length": Object {
          "max": 19,
          "mean": 12.14,
          "min": 8,
          "percentiles": Array [
            10,
            12,
            16,
          ],
        },
        "rank": 12,
      },
    },
    "commissionRate": Object {
      "Float": Object {
        "count": 100,
        "precision": Object {
          "max": 17,
          "mean": 16.1,
          "min": 15,
          "percentiles": Array [
            16,
            16,
            17,
          ],
        },
        "rank": 7,
        "scale": Object {
          "max": 16,
          "mean": 15.1,
          "min": 14,
          "percentiles": Array [
            15,
            15,
            16,
          ],
        },
        "value": Object {
          "max": 8.749067549034953,
          "mean": 5.1270137861706315,
          "min": 0.5486978619359434,
          "percentiles": Array [
            3.8664440139196814,
            6.178798334952444,
            8.225929433479905,
          ],
        },
      },
    },
    "construction": Object {
      "String": Object {
        "count": 100,
        "length": Object {
          "max": 17,
          "mean": 8.57,
          "min": 3,
          "percentiles": Array [
            5,
            8,
            17,
          ],
        },
        "rank": 12,
      },
    },
    "createdAt": Object {
      "Date": Object {
        "count": 100,
        "rank": 4,
      },
    },
    "description": Object {
      "Null": Object {
        "count": 20,
        "rank": 10,
      },
      "String": Object {
        "count": 100,
        "length": Object {
          "max": 347,
          "mean": 266.56,
          "min": 195,
          "percentiles": Array [
            248,
            271,
            312,
          ],
        },
        "rank": 12,
      },
    },
    "fireplace1": Object {
      "Null": Object {
        "count": 6,
        "rank": 10,
      },
      "String": Object {
        "count": 94,
        "length": Object {
          "max": 13,
          "mean": 6.148936170212766,
          "min": 3,
          "percentiles": Array [
            3,
            6,
            10,
          ],
        },
        "rank": 12,
      },
    },
    "fireplace1Location": Object {
      "String": Object {
        "count": 100,
        "length": Object {
          "max": 18,
          "mean": 10.41,
          "min": 6,
          "percentiles": Array [
            9,
            10,
            14,
          ],
        },
        "rank": 12,
      },
    },
    "fireplace2": Object {
      "Null": Object {
        "count": 7,
        "rank": 10,
      },
      "String": Object {
        "count": 93,
        "length": Object {
          "max": 13,
          "mean": 6.225806451612903,
          "min": 3,
          "percentiles": Array [
            3,
            6,
            13,
          ],
        },
        "rank": 12,
      },
    },
    "fireplace2Location": Object {
      "String": Object {
        "count": 100,
        "length": Object {
          "max": 18,
          "mean": 10.1,
          "min": 6,
          "percentiles": Array [
            9,
            10,
            14,
          ],
        },
        "rank": 12,
      },
    },
    "fireplace3": Object {
      "Null": Object {
        "count": 7,
        "rank": 10,
      },
      "String": Object {
        "count": 93,
        "length": Object {
          "max": 13,
          "mean": 6.258064516129032,
          "min": 3,
          "percentiles": Array [
            3,
            6,
            13,
          ],
        },
        "rank": 12,
      },
    },
    "fireplace3Location": Object {
      "String": Object {
        "count": 100,
        "length": Object {
          "max": 18,
          "mean": 10.45,
          "min": 6,
          "percentiles": Array [
            9,
            10,
            14,
          ],
        },
        "rank": 12,
      },
    },
    "garage": Object {
      "Null": Object {
        "count": 11,
        "rank": 10,
      },
      "String": Object {
        "count": 89,
        "length": Object {
          "max": 8,
          "mean": 7.359550561797753,
          "min": 5,
          "percentiles": Array [
            7,
            8,
            8,
          ],
        },
        "rank": 12,
      },
    },
    "heating": Object {
      "Null": Object {
        "count": 5,
        "rank": 10,
      },
      "String": Object {
        "count": 95,
        "length": Object {
          "max": 10,
          "mean": 6.989473684210527,
          "min": 3,
          "percentiles": Array [
            5,
            8,
            10,
          ],
        },
        "rank": 12,
      },
    },
    "hoaFrequency": Object {
      "String": Object {
        "count": 100,
        "length": Object {
          "max": 9,
          "mean": 7.85,
          "min": 6,
          "percentiles": Array [
            7,
            9,
            9,
          ],
        },
        "rank": 12,
      },
    },
    "id": Object {
      "UUID": Object {
        "count": 100,
        "rank": 2,
      },
    },
    "kitchenFeature1": Object {
      "String": Object {
        "count": 100,
        "length": Object {
          "max": 21,
          "mean": 9.81,
          "min": 5,
          "percentiles": Array [
            6,
            10,
            19,
          ],
        },
        "rank": 12,
      },
    },
    "kitchenFeature2": Object {
      "String": Object {
        "count": 100,
        "length": Object {
          "max": 21,
          "mean": 11.19,
          "min": 5,
          "percentiles": Array [
            8,
            12,
            19,
          ],
        },
        "rank": 12,
      },
    },
    "kitchenFeature3": Object {
      "String": Object {
        "count": 100,
        "length": Object {
          "max": 21,
          "mean": 11.05,
          "min": 5,
          "percentiles": Array [
            6,
            12,
            21,
          ],
        },
        "rank": 12,
      },
    },
    "latitude": Object {
      "Float": Object {
        "count": 100,
        "precision": Object {
          "max": 7,
          "mean": 6.26,
          "min": 4,
          "percentiles": Array [
            6,
            7,
            7,
          ],
        },
        "rank": 7,
        "scale": Object {
          "max": 4,
          "mean": 3.89,
          "min": 3,
          "percentiles": Array [
            4,
            4,
            4,
          ],
        },
        "value": Object {
          "max": 88.1641,
          "mean": -10.680839999999995,
          "min": -89.5787,
          "percentiles": Array [
            -37.3507,
            1.2674,
            49.5974,
          ],
        },
      },
    },
    "listPrice": Object {
      "Date": Object {
        "count": 2,
        "rank": 4,
      },
      "Number": Object {
        "count": 100,
        "rank": 8,
        "value": Object {
          "max": 984704804,
          "mean": 481287838.58,
          "min": 19427614,
          "percentiles": Array [
            261891095,
            559555294,
            909466591,
          ],
        },
      },
    },
    "listingAgentCompanyName": Object {
      "String": Object {
        "count": 100,
        "length": Object {
          "max": 19,
          "mean": 12.07,
          "min": 8,
          "percentiles": Array [
            10,
            12,
            17,
          ],
        },
        "rank": 12,
      },
    },
    "listingAgentFirstName": Object {
      "String": Object {
        "count": 100,
        "length": Object {
          "max": 11,
          "mean": 5.86,
          "min": 3,
          "percentiles": Array [
            5,
            6,
            8,
          ],
        },
        "rank": 12,
      },
    },
    "listingAgentFullName": Object {
      "String": Object {
        "count": 100,
        "length": Object {
          "max": 19,
          "mean": 13.55,
          "min": 9,
          "percentiles": Array [
            12,
            14,
            17,
          ],
        },
        "rank": 12,
      },
    },
    "listingAgentLastName": Object {
      "String": Object {
        "count": 100,
        "length": Object {
          "max": 13,
          "mean": 6.7,
          "min": 4,
          "percentiles": Array [
            5,
            7,
            9,
          ],
        },
        "rank": 12,
      },
    },
    "listingAgentNamePrefix": Object {
      "String": Object {
        "count": 100,
        "length": Object {
          "max": 4,
          "mean": 3.59,
          "min": 3,
          "percentiles": Array [
            3,
            4,
            4,
          ],
        },
        "rank": 12,
      },
    },
    "listingAgentNameSuffix": Object {
      "String": Object {
        "count": 100,
        "length": Object {
          "max": 3,
          "mean": 2.32,
          "min": 1,
          "percentiles": Array [
            2,
            3,
            3,
          ],
        },
        "rank": 12,
      },
    },
    "listingAgentPhone": Object {
      "String": Object {
        "count": 100,
        "length": Object {
          "max": 12,
          "mean": 12,
          "min": 12,
          "percentiles": Array [
            12,
            12,
            12,
          ],
        },
        "rank": 12,
      },
    },
    "listingId": Object {
      "Number": Object {
        "count": 100,
        "rank": 8,
        "value": Object {
          "max": 978292997,
          "mean": 512365274.53,
          "min": 12694263,
          "percentiles": Array [
            357895271,
            618818935,
            882060865,
          ],
        },
      },
    },
    "locationBedroom2": Object {
      "Null": Object {
        "count": 17,
        "rank": 10,
      },
      "String": Object {
        "count": 83,
        "length": Object {
          "max": 5,
          "mean": 4.506024096385542,
          "min": 4,
          "percentiles": Array [
            4,
            5,
            5,
          ],
        },
        "rank": 12,
      },
    },
    "locationBedroom3": Object {
      "Null": Object {
        "count": 18,
        "rank": 10,
      },
      "String": Object {
        "count": 82,
        "length": Object {
          "max": 5,
          "mean": 4.658536585365853,
          "min": 4,
          "percentiles": Array [
            4,
            5,
            5,
          ],
        },
        "rank": 12,
      },
    },
    "locationBedroom4": Object {
      "Null": Object {
        "count": 19,
        "rank": 10,
      },
      "String": Object {
        "count": 81,
        "length": Object {
          "max": 5,
          "mean": 4.604938271604938,
          "min": 4,
          "percentiles": Array [
            4,
            5,
            5,
          ],
        },
        "rank": 12,
      },
    },
    "locationBedroom5": Object {
      "Null": Object {
        "count": 13,
        "rank": 10,
      },
      "String": Object {
        "count": 87,
        "length": Object {
          "max": 5,
          "mean": 4.632183908045977,
          "min": 4,
          "percentiles": Array [
            4,
            5,
            5,
          ],
        },
        "rank": 12,
      },
    },
    "locationBonusRoom": Object {
      "Null": Object {
        "count": 17,
        "rank": 10,
      },
      "String": Object {
        "count": 83,
        "length": Object {
          "max": 5,
          "mean": 4.602409638554217,
          "min": 4,
          "percentiles": Array [
            4,
            5,
            5,
          ],
        },
        "rank": 12,
      },
    },
    "locationDenRoom": Object {
      "Null": Object {
        "count": 17,
        "rank": 10,
      },
      "String": Object {
        "count": 83,
        "length": Object {
          "max": 5,
          "mean": 4.518072289156627,
          "min": 4,
          "percentiles": Array [
            4,
            5,
            5,
          ],
        },
        "rank": 12,
      },
    },
    "locationEatingSpace": Object {
      "Null": Object {
        "count": 14,
        "rank": 10,
      },
      "String": Object {
        "count": 86,
        "length": Object {
          "max": 5,
          "mean": 4.523255813953488,
          "min": 4,
          "percentiles": Array [
            4,
            5,
            5,
          ],
        },
        "rank": 12,
      },
    },
    "locationEntryRoom": Object {
      "Null": Object {
        "count": 19,
        "rank": 10,
      },
      "String": Object {
        "count": 81,
        "length": Object {
          "max": 5,
          "mean": 4.691358024691358,
          "min": 4,
          "percentiles": Array [
            4,
            5,
            5,
          ],
        },
        "rank": 12,
      },
    },
    "locationFamilyRoom": Object {
      "Null": Object {
        "count": 19,
        "rank": 10,
      },
      "String": Object {
        "count": 81,
        "length": Object {
          "max": 5,
          "mean": 4.567901234567901,
          "min": 4,
          "percentiles": Array [
            4,
            5,
            5,
          ],
        },
        "rank": 12,
      },
    },
    "locationFormalDiningR": Object {
      "Null": Object {
        "count": 19,
        "rank": 10,
      },
      "String": Object {
        "count": 81,
        "length": Object {
          "max": 5,
          "mean": 4.493827160493828,
          "min": 4,
          "percentiles": Array [
            4,
            5,
            5,
          ],
        },
        "rank": 12,
      },
    },
    "locationGreatRoom": Object {
      "Null": Object {
        "count": 17,
        "rank": 10,
      },
      "String": Object {
        "count": 83,
        "length": Object {
          "max": 5,
          "mean": 4.566265060240964,
          "min": 4,
          "percentiles": Array [
            4,
            5,
            5,
          ],
        },
        "rank": 12,
      },
    },
    "locationKitchen": Object {
      "Null": Object {
        "count": 12,
        "rank": 10,
      },
      "String": Object {
        "count": 88,
        "length": Object {
          "max": 5,
          "mean": 4.636363636363637,
          "min": 4,
          "percentiles": Array [
            4,
            5,
            5,
          ],
        },
        "rank": 12,
      },
    },
    "locationLivingRoom": Object {
      "Null": Object {
        "count": 19,
        "rank": 10,
      },
      "String": Object {
        "count": 81,
        "length": Object {
          "max": 5,
          "mean": 4.666666666666667,
          "min": 4,
          "percentiles": Array [
            4,
            5,
            5,
          ],
        },
        "rank": 12,
      },
    },
    "locationMasterBedroom": Object {
      "Null": Object {
        "count": 24,
        "rank": 10,
      },
      "String": Object {
        "count": 76,
        "length": Object {
          "max": 5,
          "mean": 4.552631578947368,
          "min": 4,
          "percentiles": Array [
            4,
            5,
            5,
          ],
        },
        "rank": 12,
      },
    },
    "locationOffice": Object {
      "Null": Object {
        "count": 17,
        "rank": 10,
      },
      "String": Object {
        "count": 83,
        "length": Object {
          "max": 5,
          "mean": 4.614457831325301,
          "min": 4,
          "percentiles": Array [
            4,
            5,
            5,
          ],
        },
        "rank": 12,
      },
    },
    "locationOtherRoom": Object {
      "Null": Object {
        "count": 13,
        "rank": 10,
      },
      "String": Object {
        "count": 87,
        "length": Object {
          "max": 5,
          "mean": 4.689655172413793,
          "min": 4,
          "percentiles": Array [
            4,
            5,
            5,
          ],
        },
        "rank": 12,
      },
    },
    "locationRecreationRoo": Object {
      "Null": Object {
        "count": 13,
        "rank": 10,
      },
      "String": Object {
        "count": 87,
        "length": Object {
          "max": 5,
          "mean": 4.551724137931035,
          "min": 4,
          "percentiles": Array [
            4,
            5,
            5,
          ],
        },
        "rank": 12,
      },
    },
    "locationUtilityRoom": Object {
      "Null": Object {
        "count": 22,
        "rank": 10,
      },
      "String": Object {
        "count": 78,
        "length": Object {
          "max": 5,
          "mean": 4.551282051282051,
          "min": 4,
          "percentiles": Array [
            4,
            5,
            5,
          ],
        },
        "rank": 12,
      },
    },
    "longitude": Object {
      "Float": Object {
        "count": 100,
        "precision": Object {
          "max": 8,
          "mean": 6.72,
          "min": 5,
          "percentiles": Array [
            6,
            7,
            8,
          ],
        },
        "rank": 7,
        "scale": Object {
          "max": 4,
          "mean": 3.85,
          "min": 2,
          "percentiles": Array [
            4,
            4,
            4,
          ],
        },
        "value": Object {
          "max": 160.1952,
          "mean": -11.956353999999997,
          "min": -175.8343,
          "percentiles": Array [
            -68.7502,
            21.246,
            139.0413,
          ],
        },
      },
    },
    "modifiedAt": Object {
      "Date": Object {
        "count": 100,
        "rank": 4,
      },
    },
    "poolSpa": Object {
      "Null": Object {
        "count": 10,
        "rank": 10,
      },
      "String": Object {
        "count": 90,
        "length": Object {
          "max": 12,
          "mean": 9,
          "min": 4,
          "percentiles": Array [
            9,
            9,
            12,
          ],
        },
        "rank": 12,
      },
    },
    "propertyType": Object {
      "String": Object {
        "count": 100,
        "length": Object {
          "max": 25,
          "mean": 17.27,
          "min": 5,
          "percentiles": Array [
            13,
            22,
            24,
          ],
        },
        "rank": 12,
      },
    },
    "sellingAgentCompanyName": Object {
      "String": Object {
        "count": 100,
        "length": Object {
          "max": 18,
          "mean": 12.28,
          "min": 8,
          "percentiles": Array [
            11,
            13,
            16,
          ],
        },
        "rank": 12,
      },
    },
    "sellingAgentFirstName": Object {
      "String": Object {
        "count": 100,
        "length": Object {
          "max": 10,
          "mean": 6.15,
          "min": 3,
          "percentiles": Array [
            5,
            7,
            8,
          ],
        },
        "rank": 12,
      },
    },
    "sellingAgentFullName": Object {
      "String": Object {
        "count": 100,
        "length": Object {
          "max": 19,
          "mean": 13.42,
          "min": 9,
          "percentiles": Array [
            12,
            14,
            17,
          ],
        },
        "rank": 12,
      },
    },
    "sellingAgentLastName": Object {
      "String": Object {
        "count": 100,
        "length": Object {
          "max": 10,
          "mean": 6.29,
          "min": 3,
          "percentiles": Array [
            5,
            7,
            9,
          ],
        },
        "rank": 12,
      },
    },
    "sellingAgentNamePrefix": Object {
      "String": Object {
        "count": 100,
        "length": Object {
          "max": 4,
          "mean": 3.45,
          "min": 3,
          "percentiles": Array [
            3,
            4,
            4,
          ],
        },
        "rank": 12,
      },
    },
    "sellingAgentNameSuffix": Object {
      "String": Object {
        "count": 100,
        "length": Object {
          "max": 3,
          "mean": 2.11,
          "min": 1,
          "percentiles": Array [
            2,
            2,
            3,
          ],
        },
        "rank": 12,
      },
    },
    "sellingAgentPhone": Object {
      "String": Object {
        "count": 100,
        "length": Object {
          "max": 12,
          "mean": 12,
          "min": 12,
          "percentiles": Array [
            12,
            12,
            12,
          ],
        },
        "rank": 12,
      },
    },
    "sizeBedroom2": Object {
      "String": Object {
        "count": 100,
        "length": Object {
          "max": 5,
          "mean": 4.73,
          "min": 3,
          "percentiles": Array [
            5,
            5,
            5,
          ],
        },
        "rank": 12,
      },
    },
    "sizeBedroom3": Object {
      "String": Object {
        "count": 100,
        "length": Object {
          "max": 5,
          "mean": 4.74,
          "min": 3,
          "percentiles": Array [
            5,
            5,
            5,
          ],
        },
        "rank": 12,
      },
    },
    "sizeBedroom4": Object {
      "String": Object {
        "count": 100,
        "length": Object {
          "max": 5,
          "mean": 4.83,
          "min": 3,
          "percentiles": Array [
            5,
            5,
            5,
          ],
        },
        "rank": 12,
      },
    },
    "sizeBedroom5": Object {
      "String": Object {
        "count": 100,
        "length": Object {
          "max": 5,
          "mean": 4.78,
          "min": 4,
          "percentiles": Array [
            5,
            5,
            5,
          ],
        },
        "rank": 12,
      },
    },
    "sizeBonusRoom": Object {
      "String": Object {
        "count": 100,
        "length": Object {
          "max": 5,
          "mean": 4.77,
          "min": 3,
          "percentiles": Array [
            5,
            5,
            5,
          ],
        },
        "rank": 12,
      },
    },
    "sizeDenRoom": Object {
      "String": Object {
        "count": 100,
        "length": Object {
          "max": 5,
          "mean": 4.83,
          "min": 3,
          "percentiles": Array [
            5,
            5,
            5,
          ],
        },
        "rank": 12,
      },
    },
    "sizeEatingSpace": Object {
      "String": Object {
        "count": 100,
        "length": Object {
          "max": 5,
          "mean": 4.84,
          "min": 4,
          "percentiles": Array [
            5,
            5,
            5,
          ],
        },
        "rank": 12,
      },
    },
    "sizeEntryRoom": Object {
      "String": Object {
        "count": 100,
        "length": Object {
          "max": 5,
          "mean": 4.87,
          "min": 3,
          "percentiles": Array [
            5,
            5,
            5,
          ],
        },
        "rank": 12,
      },
    },
    "sizeFamilyRoom": Object {
      "String": Object {
        "count": 100,
        "length": Object {
          "max": 5,
          "mean": 4.81,
          "min": 4,
          "percentiles": Array [
            5,
            5,
            5,
          ],
        },
        "rank": 12,
      },
    },
    "sizeFormalDiningRoom": Object {
      "String": Object {
        "count": 100,
        "length": Object {
          "max": 5,
          "mean": 4.79,
          "min": 3,
          "percentiles": Array [
            5,
            5,
            5,
          ],
        },
        "rank": 12,
      },
    },
    "sizeGreatRoom": Object {
      "String": Object {
        "count": 100,
        "length": Object {
          "max": 5,
          "mean": 4.82,
          "min": 4,
          "percentiles": Array [
            5,
            5,
            5,
          ],
        },
        "rank": 12,
      },
    },
    "sizeKitchen": Object {
      "String": Object {
        "count": 100,
        "length": Object {
          "max": 5,
          "mean": 4.76,
          "min": 3,
          "percentiles": Array [
            5,
            5,
            5,
          ],
        },
        "rank": 12,
      },
    },
    "sizeLivingRoom": Object {
      "String": Object {
        "count": 100,
        "length": Object {
          "max": 5,
          "mean": 4.75,
          "min": 4,
          "percentiles": Array [
            5,
            5,
            5,
          ],
        },
        "rank": 12,
      },
    },
    "sizeMasterBedroom": Object {
      "String": Object {
        "count": 100,
        "length": Object {
          "max": 5,
          "mean": 4.79,
          "min": 3,
          "percentiles": Array [
            5,
            5,
            5,
          ],
        },
        "rank": 12,
      },
    },
    "sizeOffice": Object {
      "String": Object {
        "count": 100,
        "length": Object {
          "max": 5,
          "mean": 4.84,
          "min": 4,
          "percentiles": Array [
            5,
            5,
            5,
          ],
        },
        "rank": 12,
      },
    },
    "sizeOtherRoom": Object {
      "String": Object {
        "count": 100,
        "length": Object {
          "max": 5,
          "mean": 4.76,
          "min": 4,
          "percentiles": Array [
            5,
            5,
            5,
          ],
        },
        "rank": 12,
      },
    },
    "sizeRecreationRoom": Object {
      "String": Object {
        "count": 100,
        "length": Object {
          "max": 5,
          "mean": 4.8,
          "min": 4,
          "percentiles": Array [
            5,
            5,
            5,
          ],
        },
        "rank": 12,
      },
    },
    "sizeUtilityRoom": Object {
      "String": Object {
        "count": 100,
        "length": Object {
          "max": 5,
          "mean": 4.76,
          "min": 3,
          "percentiles": Array [
            5,
            5,
            5,
          ],
        },
        "rank": 12,
      },
    },
    "soldPrice": Object {
      "Date": Object {
        "count": 2,
        "rank": 4,
      },
      "Number": Object {
        "count": 100,
        "rank": 8,
        "value": Object {
          "max": 973356904,
          "mean": 478893431.05,
          "min": 3833095,
          "percentiles": Array [
            219576556,
            597903788,
            927463791,
          ],
        },
      },
    },
    "state": Object {
      "String": Object {
        "count": 100,
        "length": Object {
          "max": 2,
          "mean": 2,
          "min": 2,
          "percentiles": Array [
            2,
            2,
            2,
          ],
        },
        "rank": 12,
      },
    },
    "status": Object {
      "String": Object {
        "count": 100,
        "length": Object {
          "max": 9,
          "mean": 6.47,
          "min": 4,
          "percentiles": Array [
            6,
            7,
            9,
          ],
        },
        "rank": 12,
      },
    },
    "structureFeature1": Object {
      "String": Object {
        "count": 100,
        "length": Object {
          "max": 24,
          "mean": 12.99,
          "min": 5,
          "percentiles": Array [
            10,
            13,
            21,
          ],
        },
        "rank": 12,
      },
    },
    "structureFeature2": Object {
      "String": Object {
        "count": 100,
        "length": Object {
          "max": 24,
          "mean": 12.11,
          "min": 5,
          "percentiles": Array [
            10,
            13,
            18,
          ],
        },
        "rank": 12,
      },
    },
    "structureFeature3": Object {
      "String": Object {
        "count": 100,
        "length": Object {
          "max": 24,
          "mean": 12.58,
          "min": 5,
          "percentiles": Array [
            10,
            13,
            21,
          ],
        },
        "rank": 12,
      },
    },
    "water": Object {
      "String": Object {
        "count": 100,
        "length": Object {
          "max": 17,
          "mean": 12.47,
          "min": 6,
          "percentiles": Array [
            11,
            13,
            17,
          ],
        },
        "rank": 12,
      },
    },
    "zip": Object {
      "Number": Object {
        "count": 100,
        "rank": 8,
        "value": Object {
          "max": 97513,
          "mean": 51313.78,
          "min": 424,
          "percentiles": Array [
            36429,
            62321,
            85151,
          ],
        },
      },
      "String": Object {
        "count": 100,
        "length": Object {
          "max": 5,
          "mean": 4.88,
          "min": 3,
          "percentiles": Array [
            5,
            5,
            5,
          ],
        },
        "rank": 12,
      },
    },
  },
  "totalRows": 100,
}
`;

exports[`can analyze schema for ./users.json: usersResult 1`] = `
Object {
  "fields": Object {
    "catchPhrase": Object {
      "String": Object {
        "count": 26,
        "length": Object {
          "max": 48,
          "mean": 33.34615384615385,
          "min": 23,
          "percentiles": Array [
            31,
            33,
            39,
          ],
        },
        "rank": 12,
      },
    },
    "companyName": Object {
      "String": Object {
        "count": 26,
        "length": Object {
          "max": 20,
          "mean": 12,
          "min": 9,
          "percentiles": Array [
            11,
            11,
            15,
          ],
        },
        "rank": 12,
      },
    },
    "createdAt": Object {
      "Date": Object {
        "count": 26,
        "rank": 4,
      },
    },
    "credits": Object {
      "Number": Object {
        "count": 26,
        "rank": 8,
        "value": Object {
          "max": 20,
          "mean": 17.32,
          "min": 1,
          "percentiles": Array [
            20,
            20,
            20,
          ],
        },
      },
    },
    "email": Object {
      "Boolean": Object {
        "count": 1,
        "rank": 3,
      },
      "Email": Object {
        "count": 21,
        "length": Object {
          "max": 29,
          "mean": 24.428571428571427,
          "min": 21,
          "percentiles": Array [
            23,
            25,
            28,
          ],
        },
        "rank": 11,
      },
      "String": Object {
        "count": 4,
        "length": Object {
          "max": 24,
          "mean": 23,
          "min": 22,
          "percentiles": Array [
            23,
            23,
            24,
          ],
        },
        "rank": 12,
      },
    },
    "firstName": Object {
      "Boolean": Object {
        "count": 1,
        "rank": 3,
      },
      "String": Object {
        "count": 25,
        "length": Object {
          "max": 10,
          "mean": 5.44,
          "min": 3,
          "percentiles": Array [
            4,
            5,
            8,
          ],
        },
        "rank": 12,
      },
    },
    "id": Object {
      "Number": Object {
        "count": 1,
        "rank": 8,
        "value": Object {
          "max": 9999999,
          "mean": 9999999,
          "min": 9999999,
          "percentiles": Array [
            9999999,
            9999999,
            9999999,
          ],
        },
      },
      "UUID": Object {
        "count": 25,
        "rank": 2,
      },
    },
    "isActive": Object {
      "Boolean": Object {
        "count": 26,
        "rank": 3,
      },
    },
    "lastName": Object {
      "Boolean": Object {
        "count": 1,
        "rank": 3,
      },
      "String": Object {
        "count": 25,
        "length": Object {
          "max": 11,
          "mean": 7.04,
          "min": 4,
          "percentiles": Array [
            6,
            8,
            9,
          ],
        },
        "rank": 12,
      },
    },
    "location": Object {
      "String": Object {
        "count": 26,
        "length": Object {
          "max": 6,
          "mean": 5.769230769230769,
          "min": 3,
          "percentiles": Array [
            6,
            6,
            6,
          ],
        },
        "rank": 12,
      },
    },
    "modifiedAt": Object {
      "Date": Object {
        "count": 26,
        "rank": 4,
      },
    },
    "profile": Object {
      "Null": Object {
        "count": 4,
        "rank": 10,
      },
      "Number": Object {
        "count": 1,
        "rank": 8,
        "value": Object {
          "max": 999999999999,
          "mean": 999999999999,
          "min": 999999999999,
          "percentiles": Array [
            999999999999,
            999999999999,
            999999999999,
          ],
        },
      },
      "String": Object {
        "count": 25,
        "length": Object {
          "max": 234,
          "mean": 166.04,
          "min": 111,
          "percentiles": Array [
            144,
            172,
            231,
          ],
        },
        "rank": 12,
      },
    },
    "salesScore": Object {
      "Float": Object {
        "count": 26,
        "precision": Object {
          "max": 9,
          "mean": 7.346153846153846,
          "min": 6,
          "percentiles": Array [
            7,
            7,
            9,
          ],
        },
        "rank": 7,
        "scale": Object {
          "max": 7,
          "mean": 5.5,
          "min": 5,
          "percentiles": Array [
            5,
            5,
            7,
          ],
        },
        "value": Object {
          "max": 20.9877865,
          "mean": 15.63873061538461,
          "min": 0.75129,
          "percentiles": Array [
            11.453456,
            20.65545,
            20.9877865,
          ],
        },
      },
    },
  },
  "totalRows": 26,
}
`;
